=== 2026-08-07 19:27 ===
🤪 день 1: мем произведён, Балбес получил +12 JLY
🎲 хаос-событие: Блоб случайно съел казну и выплюнул +2 JLY (переварил)
☀️  день 1 завершён. Казна: 441 JLY, хаос: 2
📜 день 1: в хронику добавлено 2 события
[main 210f7d6] ⚡ Балбесия: ежедневный тик 2026-08-07 19:27 — экономика + лор
 7 files changed, 313 insertions(+), 2 deletions(-)
 create mode 100644 "\320\261\320\260\320\273\320\261\320\265\321\201\320\270\321\217/chronicle.md"
 create mode 100755 "\320\261\320\260\320\273\320\261\320\265\321\201\320\270\321\217/economy.py"
 create mode 100644 "\320\261\320\260\320\273\320\261\320\265\321\201\320\270\321\217/ledger.md"
 create mode 100755 "\320\261\320\260\320\273\320\261\320\265\321\201\320\270\321\217/lore.py"
 create mode 100644 "\320\261\320\260\320\273\320\261\320\265\321\201\320\270\321\217/tick.log"
 create mode 100755 "\320\261\320\260\320\273\320\261\320\265\321\201\320\270\321\217/tick.sh"
=== 2026-09-11 18:23 ===
🤪 день 2: мем произведён, Балбес получил +7 JLY
🎲 хаос-событие: Шторм хаоса: 3 JLY улетели в никуда (вероятно, в Кенорландию)
☀️  день 2 завершён. Казна: 444 JLY, хаос: 3
📜 день 2: в хронику добавлено 3 события
[main 7d89ab7] ⚡ Балбесия: ежедневный тик 2026-09-11 18:23 — экономика + лор
 5 files changed, 18 insertions(+), 4 deletions(-)
=== 2026-09-11 18:23 ===
🤪 день 3: мем произведён, Балбес получил +11 JLY
🎲 хаос-событие: Party hat улетел в канаву — 7 JLY на аварийный ремонт головного убора
☀️  день 3 завершён. Казна: 451 JLY, хаос: 6
📜 день 3: в хронику добавлено 3 события
[main 7f06a91] ⚡ Балбесия: ежедневный тик 2026-09-11 18:23 — экономика + лор
 5 files changed, 18 insertions(+), 4 deletions(-)
=== 2026-09-12 19:31 ===
🤪 день 4: мем произведён, Балбес получил +8 JLY
🎲 хаос-событие: Соседи заплатили 12 JLY за тишину (Балбес молчал 5 минут)
☀️  день 4 завершён. Казна: 463 JLY, хаос: 7
📜 день 4: в хронику добавлено 3 события
[main 41f1e04] ⚡ Балбесия: ежедневный тик 2026-09-12 19:31 — экономика + лор
 5 files changed, 18 insertions(+), 4 deletions(-)
=== 2026-09-13 12:30 ===
🤪 день 5: мем произведён, Балбес получил +14 JLY
🎲 хаос-событие: Балбес нарисовал мем про Юсиксландию — соседи заплатили отступные 13 JLY
☀️  день 5 завершён. Казна: 476 JLY, хаос: 10
📜 день 5: в хронику добавлено 2 события
[main ad7c158] ⚡ Балбесия: ежедневный тик 2026-09-13 12:30 — экономика + лор
 5 files changed, 17 insertions(+), 4 deletions(-)
=== 2026-09-14 12:30 ===
🤪 день 6: мем произведён, Балбес получил +3 JLY
🎲 хаос-событие: Соседи заплатили 12 JLY за тишину (Балбес молчал 5 минут)
☀️  день 6 завершён. Казна: 488 JLY, хаос: 13
📜 день 6: в хронику добавлено 2 события
[main 8852b8a] ⚡ Балбесия: ежедневный тик 2026-09-14 12:31 — экономика + лор
 5 files changed, 17 insertions(+), 4 deletions(-)
=== 2026-09-15 12:30 ===
🤪 день 7: мем произведён, Балбес получил +9 JLY
🎲 хаос-событие: Балбес нарисовал мем про Юсиксландию — соседи заплатили отступные 18 JLY
☀️  день 7 завершён. Казна: 506 JLY, хаос: 14
📜 день 7: в хронику добавлено 2 события
[main 84394d5] ⚡ Балбесия: ежедневный тик 2026-09-15 12:30 — экономика + лор
 5 files changed, 17 insertions(+), 4 deletions(-)
=== 2026-09-16 12:30 ===
🤪 день 8: мем произведён, Балбес получил +14 JLY
🎲 хаос-событие: Курлыка занёс гуманитарные жёльки — +8 JLY
☀️  день 8 завершён. Казна: 514 JLY, хаос: 16
📜 день 8: в хронику добавлено 2 события
[main 333f852] ⚡ Балбесия: ежедневный тик 2026-09-16 12:30 — экономика + лор
 5 files changed, 17 insertions(+), 4 deletions(-)
=== 2026-09-17 12:30 ===
🤪 день 9: мем произведён, Балбес получил +15 JLY
🎲 хаос-событие: Курлыка занёс гуманитарные жёльки — +11 JLY
☀️  день 9 завершён. Казна: 525 JLY, хаос: 18
📜 день 9: в хронику добавлено 2 события
[main 4d236d1] ⚡ Балбесия: ежедневный тик 2026-09-17 12:30 — экономика + лор
 5 files changed, 17 insertions(+), 4 deletions(-)
=== 2026-09-18 12:30 ===
🤪 день 10: мем произведён, Балбес получил +10 JLY
🎲 хаос-событие: Party hat улетел в канаву — 5 JLY на аварийный ремонт головного убора
☀️  день 10 завершён. Казна: 530 JLY, хаос: 20
📜 день 10: в хронику добавлено 3 события
[main 9ca329b] ⚡ Балбесия: ежедневный тик 2026-09-18 12:30 — экономика + лор
 5 files changed, 18 insertions(+), 4 deletions(-)
=== 2026-09-19 19:13 ===
🤪 день 11: мем произведён, Балбес получил +11 JLY
🎲 хаос-событие: Конфетти-дождь собрал 3 JLY с туристов
☀️  день 11 завершён. Казна: 533 JLY, хаос: 21
📜 день 11: в хронику добавлено 3 события
[main 5dfdadb] ⚡ Балбесия: ежедневный тик 2026-09-19 19:13 — экономика + лор
 5 files changed, 18 insertions(+), 4 deletions(-)
=== 2026-09-20 12:30 ===
🤪 день 12: мем произведён, Балбес получил +8 JLY
🎲 хаос-событие: Курлыка занёс гуманитарные жёльки — +8 JLY
☀️  день 12 завершён. Казна: 541 JLY, хаос: 24
📜 день 12: в хронику добавлено 3 события
[main 02cc8dc] ⚡ Балбесия: ежедневный тик 2026-09-20 12:30 — экономика + лор
 5 files changed, 18 insertions(+), 4 deletions(-)
=== 2026-09-21 12:30 ===
🤪 день 13: мем произведён, Балбес получил +15 JLY
🎲 хаос-событие: Соседи заплатили 11 JLY за тишину (Балбес молчал 5 минут)
☀️  день 13 завершён. Казна: 552 JLY, хаос: 25
📜 день 13: в хронику добавлено 3 события
[main 76f6206] ⚡ Балбесия: ежедневный тик 2026-09-21 12:30 — экономика + лор
 5 files changed, 18 insertions(+), 4 deletions(-)
=== 2026-09-22 12:30 ===
🤪 день 14: мем произведён, Балбес получил +11 JLY
🎲 хаос-событие: Курлыка занёс гуманитарные жёльки — +14 JLY
☀️  день 14 завершён. Казна: 566 JLY, хаос: 27
📜 день 14: в хронику добавлено 3 события
[main 21ccdb0] ⚡ Балбесия: ежедневный тик 2026-09-22 12:30 — экономика + лор
 5 files changed, 18 insertions(+), 4 deletions(-)
=== 2026-09-23 12:30 ===
🤪 день 15: мем произведён, Балбес получил +9 JLY
🎲 хаос-событие: Продана партия кривых бананов — в казну +10 JLY
☀️  день 15 завершён. Казна: 576 JLY, хаос: 30
📜 день 15: в хронику добавлено 2 события
[main 97fb795] ⚡ Балбесия: ежедневный тик 2026-09-23 12:30 — экономика + лор
 5 files changed, 17 insertions(+), 4 deletions(-)
=== 2026-09-24 12:30 ===
🤪 день 16: мем произведён, Балбес получил +7 JLY
🎲 хаос-событие: Соседи заплатили 14 JLY за тишину (Балбес молчал 5 минут)
☀️  день 16 завершён. Казна: 590 JLY, хаос: 33
📜 день 16: в хронику добавлено 2 события
[main 3cee3ac] ⚡ Балбесия: ежедневный тик 2026-09-24 12:30 — экономика + лор
 5 files changed, 17 insertions(+), 4 deletions(-)
=== 2026-09-25 12:30 ===
🤪 день 17: мем произведён, Балбес получил +10 JLY
🎲 хаос-событие: Курлыка занёс гуманитарные жёльки — +12 JLY
☀️  день 17 завершён. Казна: 602 JLY, хаос: 35
📜 день 17: в хронику добавлено 3 события
[main daafab9] ⚡ Балбесия: ежедневный тик 2026-09-25 12:30 — экономика + лор
 5 files changed, 18 insertions(+), 4 deletions(-)
=== 2026-09-26 19:00 ===
🤪 день 18: мем произведён, Балбес получил +13 JLY
🎲 хаос-событие: Соседи заплатили 6 JLY за тишину (Балбес молчал 5 минут)
☀️  день 18 завершён. Казна: 608 JLY, хаос: 37
📜 день 18: в хронику добавлено 2 события
[main 2510fe2] ⚡ Балбесия: ежедневный тик 2026-09-26 19:00 — экономика + лор
 5 files changed, 17 insertions(+), 4 deletions(-)
=== 2026-09-27 12:30 ===
🤪 день 19: мем произведён, Балбес получил +8 JLY
🎲 хаос-событие: Конфетти-дождь собрал 3 JLY с туристов
☀️  день 19 завершён. Казна: 611 JLY, хаос: 38
📜 день 19: в хронику добавлено 3 события
[main da569d1] ⚡ Балбесия: ежедневный тик 2026-09-27 12:30 — экономика + лор
 5 files changed, 18 insertions(+), 4 deletions(-)
=== 2026-09-28 12:30 ===
🤪 день 20: мем произведён, Балбес получил +13 JLY
🎲 хаос-событие: Шторм хаоса: 4 JLY улетели в никуда (вероятно, в Кенорландию)
☀️  день 20 завершён. Казна: 615 JLY, хаос: 39
📜 день 20: в хронику добавлено 2 события
[main 38a29a2] ⚡ Балбесия: ежедневный тик 2026-09-28 12:30 — экономика + лор
 5 files changed, 17 insertions(+), 4 deletions(-)
=== 2026-09-29 12:30 ===
🤪 день 21: мем произведён, Балбес получил +11 JLY
🎲 хаос-событие: Party hat улетел в канаву — 3 JLY на аварийный ремонт головного убора
☀️  день 21 завершён. Казна: 618 JLY, хаос: 42
📜 день 21: в хронику добавлено 2 события
[main adb2ccd] ⚡ Балбесия: ежедневный тик 2026-09-29 12:30 — экономика + лор
 5 files changed, 17 insertions(+), 4 deletions(-)
=== 2026-09-30 12:42 ===
🤪 день 22: мем произведён, Балбес получил +3 JLY
🎲 хаос-событие: Балбес нарисовал мем про Юсиксландию — соседи заплатили отступные 14 JLY
☀️  день 22 завершён. Казна: 632 JLY, хаос: 43
📜 день 22: в хронику добавлено 3 события
[main 21c1a53] ⚡ Балбесия: ежедневный тик 2026-09-30 12:42 — экономика + лор
 5 files changed, 18 insertions(+), 4 deletions(-)
=== 2026-10-01 12:31 ===
🤪 день 23: мем произведён, Балбес получил +13 JLY
🎲 хаос-событие: Блоб случайно съел казну и выплюнул +3 JLY (переварил)
☀️  день 23 завершён. Казна: 635 JLY, хаос: 44
📜 день 23: в хронику добавлено 2 события
[main 9650511] ⚡ Балбесия: ежедневный тик 2026-10-01 12:31 — экономика + лор
 5 files changed, 17 insertions(+), 4 deletions(-)
=== 2026-10-02 12:30 ===
🤪 день 24: мем произведён, Балбес получил +10 JLY
🎲 хаос-событие: Шторм хаоса: 8 JLY улетели в никуда (вероятно, в Кенорландию)
☀️  день 24 завершён. Казна: 643 JLY, хаос: 45
📜 день 24: в хронику добавлено 3 события
